
===========================================================================
 report_power
============================================================================
======================= nom_tt_025C_5v00 Corner ===================================

Group                    Internal    Switching      Leakage        Total
                            Power        Power        Power        Power (Watts)
------------------------------------------------------------------------
Sequential           1.025425e-03 1.945142e-04 2.093754e-08 1.219960e-03  88.0%
Combinational        1.361769e-04 3.079233e-05 1.372325e-08 1.669829e-04  12.0%
Clock                0.000000e+00 0.000000e+00 6.650000e-09 6.650000e-09   0.0%
Macro                0.000000e+00 0.000000e+00 0.000000e+00 0.000000e+00   0.0%
Pad                  0.000000e+00 0.000000e+00 0.000000e+00 0.000000e+00   0.0%
------------------------------------------------------------------------
Total                1.161601e-03 2.253065e-04 4.131090e-08 1.386949e-03 100.0%
                            83.8%        16.2%         0.0%
Writing metric power__internal__total: 0.00116160127799958
Writing metric power__switching__total: 0.00022530647402163595
Writing metric power__leakage__total: 4.131090491910072e-8
Writing metric power__total: 0.0013869490940123796

