
===========================================================================
report_checks -path_delay min (Hold)
============================================================================
======================= nom_tt_025C_1v80 Corner ===================================

Startpoint: _42_ (rising edge-triggered flip-flop clocked by clk)
Endpoint: _42_ (rising edge-triggered flip-flop clocked by clk)
Path Group: clk
Path Type: min

Fanout         Cap        Slew       Delay        Time   Description
---------------------------------------------------------------------------------------------
                                  0.000000    0.000000   clock clk (rise edge)
                                  0.000000    0.000000   clock source latency
     8    0.024584    0.116132    0.080187    0.080187 ^ clk (in)
                                                         clk (net)
                      0.116138    0.000000    0.080187 ^ _42_/CLK (sky130_fd_sc_hd__dfxtp_2)
     3    0.043316    0.105985    0.410889    0.491076 v _42_/Q (sky130_fd_sc_hd__dfxtp_2)
                                                         uo_out[7] (net)
                      0.105985    0.000057    0.491133 v _32_/A1 (sky130_fd_sc_hd__a21oi_2)
     1    0.001894    0.060342    0.121639    0.612772 ^ _32_/Y (sky130_fd_sc_hd__a21oi_2)
                                                         _04_ (net)
                      0.060342    0.000002    0.612774 ^ _42_/D (sky130_fd_sc_hd__dfxtp_2)
                                              0.612774   data arrival time

                                  0.000000    0.000000   clock clk (rise edge)
                                  0.000000    0.000000   clock source latency
     8    0.024584    0.116132    0.080187    0.080187 ^ clk (in)
                                                         clk (net)
                      0.116138    0.000000    0.080187 ^ _42_/CLK (sky130_fd_sc_hd__dfxtp_2)
                                  0.250000    0.330187   clock uncertainty
                                  0.000000    0.330187   clock reconvergence pessimism
                                 -0.024973    0.305214   library hold time
                                              0.305214   data required time
---------------------------------------------------------------------------------------------
                                              0.305214   data required time
                                             -0.612774   data arrival time
---------------------------------------------------------------------------------------------
                                              0.307560   slack (MET)


Startpoint: _39_ (rising edge-triggered flip-flop clocked by clk)
Endpoint: _39_ (rising edge-triggered flip-flop clocked by clk)
Path Group: clk
Path Type: min

Fanout         Cap        Slew       Delay        Time   Description
---------------------------------------------------------------------------------------------
                                  0.000000    0.000000   clock clk (rise edge)
                                  0.000000    0.000000   clock source latency
     8    0.024584    0.116132    0.080157    0.080157 ^ clk (in)
                                                         clk (net)
                      0.116138    0.000000    0.080157 ^ _39_/CLK (sky130_fd_sc_hd__dfxtp_2)
     6    0.049538    0.119318    0.421092    0.501249 v _39_/Q (sky130_fd_sc_hd__dfxtp_2)
                                                         uo_out[4] (net)
                      0.119318    0.000060    0.501309 v _24_/A1 (sky130_fd_sc_hd__a21oi_2)
     1    0.001896    0.060576    0.127216    0.628525 ^ _24_/Y (sky130_fd_sc_hd__a21oi_2)
                                                         _01_ (net)
                      0.060576    0.000002    0.628526 ^ _39_/D (sky130_fd_sc_hd__dfxtp_2)
                                              0.628526   data arrival time

                                  0.000000    0.000000   clock clk (rise edge)
                                  0.000000    0.000000   clock source latency
     8    0.024584    0.116132    0.080157    0.080157 ^ clk (in)
                                                         clk (net)
                      0.116138    0.000000    0.080157 ^ _39_/CLK (sky130_fd_sc_hd__dfxtp_2)
                                  0.250000    0.330157   clock uncertainty
                                  0.000000    0.330157   clock reconvergence pessimism
                                 -0.025021    0.305136   library hold time
                                              0.305136   data required time
---------------------------------------------------------------------------------------------
                                              0.305136   data required time
                                             -0.628526   data arrival time
---------------------------------------------------------------------------------------------
                                              0.323390   slack (MET)


Startpoint: _43_ (rising edge-triggered flip-flop clocked by clk)
Endpoint: _44_ (rising edge-triggered flip-flop clocked by clk)
Path Group: clk
Path Type: min

Fanout         Cap        Slew       Delay        Time   Description
---------------------------------------------------------------------------------------------
                                  0.000000    0.000000   clock clk (rise edge)
                                  0.000000    0.000000   clock source latency
     8    0.024584    0.116132    0.079643    0.079643 ^ clk (in)
                                                         clk (net)
                      0.116132    0.000000    0.079643 ^ _43_/CLK (sky130_fd_sc_hd__dfxtp_2)
     8    0.056125    0.133366    0.432101    0.511744 v _43_/Q (sky130_fd_sc_hd__dfxtp_2)
                                                         uo_out[0] (net)
                      0.133366    0.000078    0.511822 v _35_/A1 (sky130_fd_sc_hd__a21oi_2)
     1    0.001957    0.062382    0.132711    0.644532 ^ _35_/Y (sky130_fd_sc_hd__a21oi_2)
                                                         _06_ (net)
                      0.062382    0.000002    0.644535 ^ _44_/D (sky130_fd_sc_hd__dfxtp_2)
                                              0.644535   data arrival time

                                  0.000000    0.000000   clock clk (rise edge)
                                  0.000000    0.000000   clock source latency
     8    0.024584    0.116132    0.079639    0.079639 ^ clk (in)
                                                         clk (net)
                      0.116132    0.000000    0.079639 ^ _44_/CLK (sky130_fd_sc_hd__dfxtp_2)
                                  0.250000    0.329639   clock uncertainty
                                  0.000000    0.329639   clock reconvergence pessimism
                                 -0.025393    0.304247   library hold time
                                              0.304247   data required time
---------------------------------------------------------------------------------------------
                                              0.304247   data required time
                                             -0.644535   data arrival time
---------------------------------------------------------------------------------------------
                                              0.340288   slack (MET)


Startpoint: _45_ (rising edge-triggered flip-flop clocked by clk)
Endpoint: _45_ (rising edge-triggered flip-flop clocked by clk)
Path Group: clk
Path Type: min

Fanout         Cap        Slew       Delay        Time   Description
---------------------------------------------------------------------------------------------
                                  0.000000    0.000000   clock clk (rise edge)
                                  0.000000    0.000000   clock source latency
     8    0.024584    0.116132    0.079696    0.079696 ^ clk (in)
                                                         clk (net)
                      0.116133    0.000000    0.079696 ^ _45_/CLK (sky130_fd_sc_hd__dfxtp_2)
     5    0.044745    0.109021    0.413290    0.492985 v _45_/Q (sky130_fd_sc_hd__dfxtp_2)
                                                         uo_out[2] (net)
                      0.109021    0.000040    0.493026 v _19_/C (sky130_fd_sc_hd__nand3_2)
     1    0.001611    0.044938    0.087658    0.580684 ^ _19_/Y (sky130_fd_sc_hd__nand3_2)
                                                         _08_ (net)
                      0.044938    0.000000    0.580685 ^ _37_/B (sky130_fd_sc_hd__and3_2)
     1    0.001742    0.037638    0.153102    0.733787 ^ _37_/X (sky130_fd_sc_hd__and3_2)
                                                         _07_ (net)
                      0.037638    0.000000    0.733788 ^ _45_/D (sky130_fd_sc_hd__dfxtp_2)
                                              0.733788   data arrival time

                                  0.000000    0.000000   clock clk (rise edge)
                                  0.000000    0.000000   clock source latency
     8    0.024584    0.116132    0.079696    0.079696 ^ clk (in)
                                                         clk (net)
                      0.116133    0.000000    0.079696 ^ _45_/CLK (sky130_fd_sc_hd__dfxtp_2)
                                  0.250000    0.329696   clock uncertainty
                                  0.000000    0.329696   clock reconvergence pessimism
                                 -0.020313    0.309383   library hold time
                                              0.309383   data required time
---------------------------------------------------------------------------------------------
                                              0.309383   data required time
                                             -0.733788   data arrival time
---------------------------------------------------------------------------------------------
                                              0.424404   slack (MET)


Startpoint: _43_ (rising edge-triggered flip-flop clocked by clk)
Endpoint: _43_ (rising edge-triggered flip-flop clocked by clk)
Path Group: clk
Path Type: min

Fanout         Cap        Slew       Delay        Time   Description
---------------------------------------------------------------------------------------------
                                  0.000000    0.000000   clock clk (rise edge)
                                  0.000000    0.000000   clock source latency
     8    0.024584    0.116132    0.079643    0.079643 ^ clk (in)
                                                         clk (net)
                      0.116132    0.000000    0.079643 ^ _43_/CLK (sky130_fd_sc_hd__dfxtp_2)
     8    0.056125    0.133366    0.432101    0.511744 v _43_/Q (sky130_fd_sc_hd__dfxtp_2)
                                                         uo_out[0] (net)
                      0.133366    0.000079    0.511823 v _33_/A_N (sky130_fd_sc_hd__and2b_2)
     1    0.001893    0.031522    0.232600    0.744423 ^ _33_/X (sky130_fd_sc_hd__and2b_2)
                                                         _05_ (net)
                      0.031522    0.000002    0.744424 ^ _43_/D (sky130_fd_sc_hd__dfxtp_2)
                                              0.744424   data arrival time

                                  0.000000    0.000000   clock clk (rise edge)
                                  0.000000    0.000000   clock source latency
     8    0.024584    0.116132    0.079643    0.079643 ^ clk (in)
                                                         clk (net)
                      0.116132    0.000000    0.079643 ^ _43_/CLK (sky130_fd_sc_hd__dfxtp_2)
                                  0.250000    0.329643   clock uncertainty
                                  0.000000    0.329643   clock reconvergence pessimism
                                 -0.019057    0.310586   library hold time
                                              0.310586   data required time
---------------------------------------------------------------------------------------------
                                              0.310586   data required time
                                             -0.744424   data arrival time
---------------------------------------------------------------------------------------------
                                              0.433838   slack (MET)


Startpoint: _40_ (rising edge-triggered flip-flop clocked by clk)
Endpoint: _40_ (rising edge-triggered flip-flop clocked by clk)
Path Group: clk
Path Type: min

Fanout         Cap        Slew       Delay        Time   Description
---------------------------------------------------------------------------------------------
                                  0.000000    0.000000   clock clk (rise edge)
                                  0.000000    0.000000   clock source latency
     8    0.024584    0.116132    0.080179    0.080179 ^ clk (in)
                                                         clk (net)
                      0.116138    0.000000    0.080179 ^ _40_/CLK (sky130_fd_sc_hd__dfxtp_2)
     4    0.040073    0.204723    0.462703    0.542882 ^ _40_/Q (sky130_fd_sc_hd__dfxtp_2)
                                                         uo_out[5] (net)
                      0.204723    0.000000    0.542883 ^ _25_/B1 (sky130_fd_sc_hd__a21o_2)
     1    0.001719    0.026164    0.114911    0.657794 ^ _25_/X (sky130_fd_sc_hd__a21o_2)
                                                         _12_ (net)
                      0.026164    0.000001    0.657795 ^ _27_/C (sky130_fd_sc_hd__and3b_2)
     1    0.002013    0.039320    0.159564    0.817359 ^ _27_/X (sky130_fd_sc_hd__and3b_2)
                                                         _02_ (net)
                      0.039320    0.000003    0.817362 ^ _40_/D (sky130_fd_sc_hd__dfxtp_2)
                                              0.817362   data arrival time

                                  0.000000    0.000000   clock clk (rise edge)
                                  0.000000    0.000000   clock source latency
     8    0.024584    0.116132    0.080179    0.080179 ^ clk (in)
                                                         clk (net)
                      0.116138    0.000000    0.080179 ^ _40_/CLK (sky130_fd_sc_hd__dfxtp_2)
                                  0.250000    0.330179   clock uncertainty
                                  0.000000    0.330179   clock reconvergence pessimism
                                 -0.020657    0.309522   library hold time
                                              0.309522   data required time
---------------------------------------------------------------------------------------------
                                              0.309522   data required time
                                             -0.817362   data arrival time
---------------------------------------------------------------------------------------------
                                              0.507840   slack (MET)


Startpoint: _38_ (rising edge-triggered flip-flop clocked by clk)
Endpoint: _38_ (rising edge-triggered flip-flop clocked by clk)
Path Group: clk
Path Type: min

Fanout         Cap        Slew       Delay        Time   Description
---------------------------------------------------------------------------------------------
                                  0.000000    0.000000   clock clk (rise edge)
                                  0.000000    0.000000   clock source latency
     8    0.024584    0.116132    0.079697    0.079697 ^ clk (in)
                                                         clk (net)
                      0.116133    0.000000    0.079697 ^ _38_/CLK (sky130_fd_sc_hd__dfxtp_2)
     3    0.038649    0.197778    0.457849    0.537546 ^ _38_/Q (sky130_fd_sc_hd__dfxtp_2)
                                                         uo_out[3] (net)
                      0.197778    0.000027    0.537572 ^ _20_/B1 (sky130_fd_sc_hd__a31o_2)
     1    0.001699    0.031520    0.126436    0.664008 ^ _20_/X (sky130_fd_sc_hd__a31o_2)
                                                         _09_ (net)
                      0.031520    0.000001    0.664009 ^ _22_/C (sky130_fd_sc_hd__and3b_2)
     1    0.001748    0.037974    0.159321    0.823331 ^ _22_/X (sky130_fd_sc_hd__and3b_2)
                                                         _00_ (net)
                      0.037974    0.000000    0.823331 ^ _38_/D (sky130_fd_sc_hd__dfxtp_2)
                                              0.823331   data arrival time

                                  0.000000    0.000000   clock clk (rise edge)
                                  0.000000    0.000000   clock source latency
     8    0.024584    0.116132    0.079697    0.079697 ^ clk (in)
                                                         clk (net)
                      0.116133    0.000000    0.079697 ^ _38_/CLK (sky130_fd_sc_hd__dfxtp_2)
                                  0.250000    0.329697   clock uncertainty
                                  0.000000    0.329697   clock reconvergence pessimism
                                 -0.020382    0.309315   library hold time
                                              0.309315   data required time
---------------------------------------------------------------------------------------------
                                              0.309315   data required time
                                             -0.823331   data arrival time
---------------------------------------------------------------------------------------------
                                              0.514016   slack (MET)


Startpoint: _41_ (rising edge-triggered flip-flop clocked by clk)
Endpoint: _41_ (rising edge-triggered flip-flop clocked by clk)
Path Group: clk
Path Type: min

Fanout         Cap        Slew       Delay        Time   Description
---------------------------------------------------------------------------------------------
                                  0.000000    0.000000   clock clk (rise edge)
                                  0.000000    0.000000   clock source latency
     8    0.024584    0.116132    0.080188    0.080188 ^ clk (in)
                                                         clk (net)
                      0.116138    0.000000    0.080188 ^ _41_/CLK (sky130_fd_sc_hd__dfxtp_2)
     3    0.037981    0.194528    0.455540    0.535728 ^ _41_/Q (sky130_fd_sc_hd__dfxtp_2)
                                                         uo_out[6] (net)
                      0.194528    0.000036    0.535764 ^ _28_/A (sky130_fd_sc_hd__or2_2)
     1    0.001692    0.024530    0.138405    0.674168 ^ _28_/X (sky130_fd_sc_hd__or2_2)
                                                         _14_ (net)
                      0.024530    0.000001    0.674169 ^ _30_/C (sky130_fd_sc_hd__and3b_2)
     1    0.001766    0.038115    0.157592    0.831761 ^ _30_/X (sky130_fd_sc_hd__and3b_2)
                                                         _03_ (net)
                      0.038115    0.000000    0.831762 ^ _41_/D (sky130_fd_sc_hd__dfxtp_2)
                                              0.831762   data arrival time

                                  0.000000    0.000000   clock clk (rise edge)
                                  0.000000    0.000000   clock source latency
     8    0.024584    0.116132    0.080188    0.080188 ^ clk (in)
                                                         clk (net)
                      0.116138    0.000000    0.080188 ^ _41_/CLK (sky130_fd_sc_hd__dfxtp_2)
                                  0.250000    0.330188   clock uncertainty
                                  0.000000    0.330188   clock reconvergence pessimism
                                 -0.020410    0.309779   library hold time
                                              0.309779   data required time
---------------------------------------------------------------------------------------------
                                              0.309779   data required time
                                             -0.831762   data arrival time
---------------------------------------------------------------------------------------------
                                              0.521983   slack (MET)


Startpoint: _41_ (rising edge-triggered flip-flop clocked by clk)
Endpoint: uo_out[6] (output port clocked by clk)
Path Group: clk
Path Type: min

Fanout         Cap        Slew       Delay        Time   Description
---------------------------------------------------------------------------------------------
                                  0.000000    0.000000   clock clk (rise edge)
                                  0.000000    0.000000   clock source latency
     8    0.024584    0.116132    0.080188    0.080188 ^ clk (in)
                                                         clk (net)
                      0.116138    0.000000    0.080188 ^ _41_/CLK (sky130_fd_sc_hd__dfxtp_2)
     3    0.037764    0.094154    0.401699    0.481888 v _41_/Q (sky130_fd_sc_hd__dfxtp_2)
                                                         uo_out[6] (net)
                      0.094154    0.000186    0.482074 v uo_out[6] (out)
                                              0.482074   data arrival time

                                  0.000000    0.000000   clock clk (rise edge)
                                  0.000000    0.000000   clock network delay (propagated)
                                  0.250000    0.250000   clock uncertainty
                                  0.000000    0.250000   clock reconvergence pessimism
                                 -4.000000   -3.750000   output external delay
                                             -3.750000   data required time
---------------------------------------------------------------------------------------------
                                             -3.750000   data required time
                                             -0.482074   data arrival time
---------------------------------------------------------------------------------------------
                                              4.232074   slack (MET)


Startpoint: _38_ (rising edge-triggered flip-flop clocked by clk)
Endpoint: uo_out[3] (output port clocked by clk)
Path Group: clk
Path Type: min

Fanout         Cap        Slew       Delay        Time   Description
---------------------------------------------------------------------------------------------
                                  0.000000    0.000000   clock clk (rise edge)
                                  0.000000    0.000000   clock source latency
     8    0.024584    0.116132    0.079697    0.079697 ^ clk (in)
                                                         clk (net)
                      0.116133    0.000000    0.079697 ^ _38_/CLK (sky130_fd_sc_hd__dfxtp_2)
     3    0.038180    0.095030    0.402411    0.482108 v _38_/Q (sky130_fd_sc_hd__dfxtp_2)
                                                         uo_out[3] (net)
                      0.095030    0.000149    0.482257 v uo_out[3] (out)
                                              0.482257   data arrival time

                                  0.000000    0.000000   clock clk (rise edge)
                                  0.000000    0.000000   clock network delay (propagated)
                                  0.250000    0.250000   clock uncertainty
                                  0.000000    0.250000   clock reconvergence pessimism
                                 -4.000000   -3.750000   output external delay
                                             -3.750000   data required time
---------------------------------------------------------------------------------------------
                                             -3.750000   data required time
                                             -0.482257   data arrival time
---------------------------------------------------------------------------------------------
                                              4.232257   slack (MET)


Startpoint: _40_ (rising edge-triggered flip-flop clocked by clk)
Endpoint: uo_out[5] (output port clocked by clk)
Path Group: clk
Path Type: min

Fanout         Cap        Slew       Delay        Time   Description
---------------------------------------------------------------------------------------------
                                  0.000000    0.000000   clock clk (rise edge)
                                  0.000000    0.000000   clock source latency
     8    0.024584    0.116132    0.080179    0.080179 ^ clk (in)
                                                         clk (net)
                      0.116138    0.000000    0.080179 ^ _40_/CLK (sky130_fd_sc_hd__dfxtp_2)
     4    0.039590    0.098038    0.404729    0.484908 v _40_/Q (sky130_fd_sc_hd__dfxtp_2)
                                                         uo_out[5] (net)
                      0.098038    0.000183    0.485090 v uo_out[5] (out)
                                              0.485090   data arrival time

                                  0.000000    0.000000   clock clk (rise edge)
                                  0.000000    0.000000   clock network delay (propagated)
                                  0.250000    0.250000   clock uncertainty
                                  0.000000    0.250000   clock reconvergence pessimism
                                 -4.000000   -3.750000   output external delay
                                             -3.750000   data required time
---------------------------------------------------------------------------------------------
                                             -3.750000   data required time
                                             -0.485090   data arrival time
---------------------------------------------------------------------------------------------
                                              4.235090   slack (MET)


Startpoint: _42_ (rising edge-triggered flip-flop clocked by clk)
Endpoint: uo_out[7] (output port clocked by clk)
Path Group: clk
Path Type: min

Fanout         Cap        Slew       Delay        Time   Description
---------------------------------------------------------------------------------------------
                                  0.000000    0.000000   clock clk (rise edge)
                                  0.000000    0.000000   clock source latency
     8    0.024584    0.116132    0.080187    0.080187 ^ clk (in)
                                                         clk (net)
                      0.116138    0.000000    0.080187 ^ _42_/CLK (sky130_fd_sc_hd__dfxtp_2)
     3    0.043316    0.105985    0.410889    0.491076 v _42_/Q (sky130_fd_sc_hd__dfxtp_2)
                                                         uo_out[7] (net)
                      0.105985    0.000194    0.491270 v uo_out[7] (out)
                                              0.491270   data arrival time

                                  0.000000    0.000000   clock clk (rise edge)
                                  0.000000    0.000000   clock network delay (propagated)
                                  0.250000    0.250000   clock uncertainty
                                  0.000000    0.250000   clock reconvergence pessimism
                                 -4.000000   -3.750000   output external delay
                                             -3.750000   data required time
---------------------------------------------------------------------------------------------
                                             -3.750000   data required time
                                             -0.491270   data arrival time
---------------------------------------------------------------------------------------------
                                              4.241270   slack (MET)


Startpoint: _45_ (rising edge-triggered flip-flop clocked by clk)
Endpoint: uo_out[2] (output port clocked by clk)
Path Group: clk
Path Type: min

Fanout         Cap        Slew       Delay        Time   Description
---------------------------------------------------------------------------------------------
                                  0.000000    0.000000   clock clk (rise edge)
                                  0.000000    0.000000   clock source latency
     8    0.024584    0.116132    0.079696    0.079696 ^ clk (in)
                                                         clk (net)
                      0.116133    0.000000    0.079696 ^ _45_/CLK (sky130_fd_sc_hd__dfxtp_2)
     5    0.044745    0.109021    0.413290    0.492985 v _45_/Q (sky130_fd_sc_hd__dfxtp_2)
                                                         uo_out[2] (net)
                      0.109021    0.000136    0.493121 v uo_out[2] (out)
                                              0.493121   data arrival time

                                  0.000000    0.000000   clock clk (rise edge)
                                  0.000000    0.000000   clock network delay (propagated)
                                  0.250000    0.250000   clock uncertainty
                                  0.000000    0.250000   clock reconvergence pessimism
                                 -4.000000   -3.750000   output external delay
                                             -3.750000   data required time
---------------------------------------------------------------------------------------------
                                             -3.750000   data required time
                                             -0.493121   data arrival time
---------------------------------------------------------------------------------------------
                                              4.243122   slack (MET)


Startpoint: _39_ (rising edge-triggered flip-flop clocked by clk)
Endpoint: uo_out[4] (output port clocked by clk)
Path Group: clk
Path Type: min

Fanout         Cap        Slew       Delay        Time   Description
---------------------------------------------------------------------------------------------
                                  0.000000    0.000000   clock clk (rise edge)
                                  0.000000    0.000000   clock source latency
     8    0.024584    0.116132    0.080157    0.080157 ^ clk (in)
                                                         clk (net)
                      0.116138    0.000000    0.080157 ^ _39_/CLK (sky130_fd_sc_hd__dfxtp_2)
     6    0.049538    0.119318    0.421092    0.501249 v _39_/Q (sky130_fd_sc_hd__dfxtp_2)
                                                         uo_out[4] (net)
                      0.119318    0.000372    0.501621 v uo_out[4] (out)
                                              0.501621   data arrival time

                                  0.000000    0.000000   clock clk (rise edge)
                                  0.000000    0.000000   clock network delay (propagated)
                                  0.250000    0.250000   clock uncertainty
                                  0.000000    0.250000   clock reconvergence pessimism
                                 -4.000000   -3.750000   output external delay
                                             -3.750000   data required time
---------------------------------------------------------------------------------------------
                                             -3.750000   data required time
                                             -0.501621   data arrival time
---------------------------------------------------------------------------------------------
                                              4.251620   slack (MET)


Startpoint: _44_ (rising edge-triggered flip-flop clocked by clk)
Endpoint: uo_out[1] (output port clocked by clk)
Path Group: clk
Path Type: min

Fanout         Cap        Slew       Delay        Time   Description
---------------------------------------------------------------------------------------------
                                  0.000000    0.000000   clock clk (rise edge)
                                  0.000000    0.000000   clock source latency
     8    0.024584    0.116132    0.079639    0.079639 ^ clk (in)
                                                         clk (net)
                      0.116132    0.000000    0.079639 ^ _44_/CLK (sky130_fd_sc_hd__dfxtp_2)
     7    0.054223    0.129289    0.428961    0.508600 v _44_/Q (sky130_fd_sc_hd__dfxtp_2)
                                                         uo_out[1] (net)
                      0.129289    0.000174    0.508774 v uo_out[1] (out)
                                              0.508774   data arrival time

                                  0.000000    0.000000   clock clk (rise edge)
                                  0.000000    0.000000   clock network delay (propagated)
                                  0.250000    0.250000   clock uncertainty
                                  0.000000    0.250000   clock reconvergence pessimism
                                 -4.000000   -3.750000   output external delay
                                             -3.750000   data required time
---------------------------------------------------------------------------------------------
                                             -3.750000   data required time
                                             -0.508774   data arrival time
---------------------------------------------------------------------------------------------
                                              4.258774   slack (MET)


Startpoint: _43_ (rising edge-triggered flip-flop clocked by clk)
Endpoint: uo_out[0] (output port clocked by clk)
Path Group: clk
Path Type: min

Fanout         Cap        Slew       Delay        Time   Description
---------------------------------------------------------------------------------------------
                                  0.000000    0.000000   clock clk (rise edge)
                                  0.000000    0.000000   clock source latency
     8    0.024584    0.116132    0.079643    0.079643 ^ clk (in)
                                                         clk (net)
                      0.116132    0.000000    0.079643 ^ _43_/CLK (sky130_fd_sc_hd__dfxtp_2)
     8    0.056125    0.133366    0.432101    0.511744 v _43_/Q (sky130_fd_sc_hd__dfxtp_2)
                                                         uo_out[0] (net)
                      0.133366    0.000188    0.511932 v uo_out[0] (out)
                                              0.511932   data arrival time

                                  0.000000    0.000000   clock clk (rise edge)
                                  0.000000    0.000000   clock network delay (propagated)
                                  0.250000    0.250000   clock uncertainty
                                  0.000000    0.250000   clock reconvergence pessimism
                                 -4.000000   -3.750000   output external delay
                                             -3.750000   data required time
---------------------------------------------------------------------------------------------
                                             -3.750000   data required time
                                             -0.511932   data arrival time
---------------------------------------------------------------------------------------------
                                              4.261932   slack (MET)



