
===========================================================================
 report_power
============================================================================
======================= nom_ff_n40C_5v50 Corner ===================================

Group                    Internal    Switching      Leakage        Total
                            Power        Power        Power        Power (Watts)
------------------------------------------------------------------------
Sequential           9.597596e-04 2.195074e-04 2.518918e-08 1.179292e-03  52.7%
Combinational        1.476540e-04 9.264272e-05 2.107363e-08 2.403178e-04  10.7%
Clock                6.637563e-04 1.528584e-04 3.250546e-08 8.166472e-04  36.5%
Macro                0.000000e+00 0.000000e+00 0.000000e+00 0.000000e+00   0.0%
Pad                  0.000000e+00 0.000000e+00 0.000000e+00 0.000000e+00   0.0%
------------------------------------------------------------------------
Total                1.771170e-03 4.650086e-04 7.876829e-08 2.236257e-03 100.0%
                            79.2%        20.8%         0.0%

