Clock: clk
Sources: clk 
Generated: no
Virtual: yes
Propagated: no
Period: 20.000000

===========================================================================
report_clock_properties
============================================================================
Clock                   Period          Waveform
----------------------------------------------------
clk                  20.000000    0.000000 10.000000

===========================================================================
report_clock_latency
============================================================================
Clock clk
rise -> rise
    min     max
0.000000 0.000000 source latency
0.287096         network latency _39_/CLK
        0.290956 network latency _44_/CLK
---------------
0.287096 0.290956 latency
        0.003860 skew

fall -> fall
    min     max
0.000000 0.000000 source latency
0.288394         network latency _39_/CLK
        0.291481 network latency _44_/CLK
---------------
0.288394 0.291481 latency
        0.003086 skew



===========================================================================
report_clock_min_period
============================================================================
clk period_min = 1.95 fmax = 513.16
