
===========================================================================
 report_power
============================================================================
======================= nom_tt_025C_1v80 Corner ===================================

Group                    Internal    Switching      Leakage        Total
                            Power        Power        Power        Power (Watts)
------------------------------------------------------------------------
Sequential           1.616827e-05 1.592643e-06 7.013282e-11 1.776099e-05  33.2%
Combinational        8.262882e-07 4.104740e-07 1.552586e-10 1.236917e-06   2.3%
Clock                2.770258e-05 6.783257e-06 2.618925e-10 3.448610e-05  64.5%
Macro                0.000000e+00 0.000000e+00 0.000000e+00 0.000000e+00   0.0%
Pad                  0.000000e+00 0.000000e+00 0.000000e+00 0.000000e+00   0.0%
------------------------------------------------------------------------
Total                4.469715e-05 8.786375e-06 4.872845e-10 5.348401e-05 100.0%
                            83.6%        16.4%         0.0%
Writing metric power__internal__total: 4.469714986043982e-5
Writing metric power__switching__total: 8.786374564806465e-6
Writing metric power__leakage__total: 4.872844905356999e-10
Writing metric power__total: 5.3484011004911736e-5

