Clock: clk
Sources: clk 
Generated: no
Virtual: yes
Propagated: no
Period: 20.000000

===========================================================================
report_clock_properties
============================================================================
Clock                   Period          Waveform
----------------------------------------------------
clk                  20.000000    0.000000 10.000000

===========================================================================
report_clock_latency
============================================================================
Clock clk
rise -> rise
    min     max
0.000000 0.000000 source latency
0.559823         network latency _224_/CLK
        2.557944 network latency _238_/CLK
---------------
0.559823 2.557944 latency
        1.998121 skew

rise -> fall
    min     max
0.000000 0.000000 source latency
1.373043         network latency _245_/CLK
        2.240342 network latency _238_/CLK
---------------
1.373043 2.240342 latency
        0.867300 skew

fall -> fall
    min     max
0.000000 0.000000 source latency
0.516240         network latency _224_/CLK
        0.518395 network latency _221_/CLK
---------------
0.516240 0.518395 latency
        0.002156 skew



===========================================================================
report_clock_min_period
============================================================================
clk period_min = 2.97 fmax = 336.69
