
===========================================================================
report_checks -path_delay min (Hold)
============================================================================
======================= nom_tt_025C_5v00 Corner ===================================

Startpoint: _227_ (rising edge-triggered flip-flop clocked by clk)
Endpoint: _227_ (rising edge-triggered flip-flop clocked by clk)
Path Group: clk
Path Type: min

Fanout         Cap        Slew       Delay        Time   Description
---------------------------------------------------------------------------------------------
                      0.150000    0.000000    0.000000   clock clk (rise edge)
                                  0.000000    0.000000   clock network delay (ideal)
                      0.150000    0.000000    0.000000 ^ _227_/CLK (gf180mcu_fd_sc_mcu7t5v0__dffrnq_1)
     2    0.008815    0.151565    0.726575    0.726575 v _227_/Q (gf180mcu_fd_sc_mcu7t5v0__dffrnq_1)
                                                         clk_scaler.counter[5] (net)
                      0.151565    0.000000    0.726575 v _171_/B (gf180mcu_fd_sc_mcu7t5v0__aoi21_1)
     1    0.004243    0.233400    0.188833    0.915408 ^ _171_/ZN (gf180mcu_fd_sc_mcu7t5v0__aoi21_1)
                                                         _083_ (net)
                      0.233400    0.000000    0.915408 ^ _172_/A2 (gf180mcu_fd_sc_mcu7t5v0__nor2_1)
     1    0.003009    0.146480    0.126553    1.041961 v _172_/ZN (gf180mcu_fd_sc_mcu7t5v0__nor2_1)
                                                         _007_ (net)
                      0.146480    0.000000    1.041961 v _227_/D (gf180mcu_fd_sc_mcu7t5v0__dffrnq_1)
                                              1.041961   data arrival time

                      0.150000    0.000000    0.000000   clock clk (rise edge)
                                  0.000000    0.000000   clock network delay (ideal)
                                  0.250000    0.250000   clock uncertainty
                                  0.000000    0.250000   clock reconvergence pessimism
                                              0.250000 ^ _227_/CLK (gf180mcu_fd_sc_mcu7t5v0__dffrnq_1)
                                  0.135657    0.385657   library hold time
                                              0.385657   data required time
---------------------------------------------------------------------------------------------
                                              0.385657   data required time
                                             -1.041961   data arrival time
---------------------------------------------------------------------------------------------
                                              0.656304   slack (MET)


Startpoint: _225_ (rising edge-triggered flip-flop clocked by clk)
Endpoint: _225_ (rising edge-triggered flip-flop clocked by clk)
Path Group: clk
Path Type: min

Fanout         Cap        Slew       Delay        Time   Description
---------------------------------------------------------------------------------------------
                      0.150000    0.000000    0.000000   clock clk (rise edge)
                                  0.000000    0.000000   clock network delay (ideal)
                      0.150000    0.000000    0.000000 ^ _225_/CLK (gf180mcu_fd_sc_mcu7t5v0__dffrnq_1)
     3    0.011262    0.172992    0.743074    0.743074 v _225_/Q (gf180mcu_fd_sc_mcu7t5v0__dffrnq_1)
                                                         clk_scaler.counter[3] (net)
                      0.172992    0.000000    0.743074 v _167_/A1 (gf180mcu_fd_sc_mcu7t5v0__nor2_1)
     1    0.004090    0.241324    0.179038    0.922112 ^ _167_/ZN (gf180mcu_fd_sc_mcu7t5v0__nor2_1)
                                                         _081_ (net)
                      0.241324    0.000000    0.922112 ^ _168_/A3 (gf180mcu_fd_sc_mcu7t5v0__nor3_1)
     1    0.003009    0.194054    0.166267    1.088379 v _168_/ZN (gf180mcu_fd_sc_mcu7t5v0__nor3_1)
                                                         _005_ (net)
                      0.194054    0.000000    1.088379 v _225_/D (gf180mcu_fd_sc_mcu7t5v0__dffrnq_1)
                                              1.088379   data arrival time

                      0.150000    0.000000    0.000000   clock clk (rise edge)
                                  0.000000    0.000000   clock network delay (ideal)
                                  0.250000    0.250000   clock uncertainty
                                  0.000000    0.250000   clock reconvergence pessimism
                                              0.250000 ^ _225_/CLK (gf180mcu_fd_sc_mcu7t5v0__dffrnq_1)
                                  0.126388    0.376388   library hold time
                                              0.376388   data required time
---------------------------------------------------------------------------------------------
                                              0.376388   data required time
                                             -1.088379   data arrival time
---------------------------------------------------------------------------------------------
                                              0.711991   slack (MET)


Startpoint: _224_ (rising edge-triggered flip-flop clocked by clk)
Endpoint: _224_ (rising edge-triggered flip-flop clocked by clk)
Path Group: clk
Path Type: min

Fanout         Cap        Slew       Delay        Time   Description
---------------------------------------------------------------------------------------------
                      0.150000    0.000000    0.000000   clock clk (rise edge)
                                  0.000000    0.000000   clock network delay (ideal)
                      0.150000    0.000000    0.000000 ^ _224_/CLK (gf180mcu_fd_sc_mcu7t5v0__dffrnq_1)
     3    0.010879    0.169638    0.740492    0.740492 v _224_/Q (gf180mcu_fd_sc_mcu7t5v0__dffrnq_1)
                                                         clk_scaler.counter[2] (net)
                      0.169638    0.000000    0.740492 v _164_/B (gf180mcu_fd_sc_mcu7t5v0__aoi21_1)
     1    0.004090    0.232837    0.190415    0.930906 ^ _164_/ZN (gf180mcu_fd_sc_mcu7t5v0__aoi21_1)
                                                         _079_ (net)
                      0.232837    0.000000    0.930906 ^ _165_/A3 (gf180mcu_fd_sc_mcu7t5v0__nor3_1)
     1    0.003009    0.179925    0.164659    1.095565 v _165_/ZN (gf180mcu_fd_sc_mcu7t5v0__nor3_1)
                                                         _004_ (net)
                      0.179925    0.000000    1.095565 v _224_/D (gf180mcu_fd_sc_mcu7t5v0__dffrnq_1)
                                              1.095565   data arrival time

                      0.150000    0.000000    0.000000   clock clk (rise edge)
                                  0.000000    0.000000   clock network delay (ideal)
                                  0.250000    0.250000   clock uncertainty
                                  0.000000    0.250000   clock reconvergence pessimism
                                              0.250000 ^ _224_/CLK (gf180mcu_fd_sc_mcu7t5v0__dffrnq_1)
                                  0.129141    0.379141   library hold time
                                              0.379141   data required time
---------------------------------------------------------------------------------------------
                                              0.379141   data required time
                                             -1.095565   data arrival time
---------------------------------------------------------------------------------------------
                                              0.716424   slack (MET)


Startpoint: _222_ (rising edge-triggered flip-flop clocked by clk)
Endpoint: _222_ (rising edge-triggered flip-flop clocked by clk)
Path Group: clk
Path Type: min

Fanout         Cap        Slew       Delay        Time   Description
---------------------------------------------------------------------------------------------
                      0.150000    0.000000    0.000000   clock clk (rise edge)
                                  0.000000    0.000000   clock network delay (ideal)
                      0.150000    0.000000    0.000000 ^ _222_/CLK (gf180mcu_fd_sc_mcu7t5v0__dffrnq_1)
     4    0.019450    0.400018    1.035096    1.035096 ^ _222_/Q (gf180mcu_fd_sc_mcu7t5v0__dffrnq_1)
                                                         clk_scaler.counter[0] (net)
                      0.400018    0.000000    1.035096 ^ _160_/A1 (gf180mcu_fd_sc_mcu7t5v0__nor2_1)
     1    0.003009    0.155753    0.110741    1.145837 v _160_/ZN (gf180mcu_fd_sc_mcu7t5v0__nor2_1)
                                                         _000_ (net)
                      0.155753    0.000000    1.145837 v _222_/D (gf180mcu_fd_sc_mcu7t5v0__dffrnq_1)
                                              1.145837   data arrival time

                      0.150000    0.000000    0.000000   clock clk (rise edge)
                                  0.000000    0.000000   clock network delay (ideal)
                                  0.250000    0.250000   clock uncertainty
                                  0.000000    0.250000   clock reconvergence pessimism
                                              0.250000 ^ _222_/CLK (gf180mcu_fd_sc_mcu7t5v0__dffrnq_1)
                                  0.133850    0.383850   library hold time
                                              0.383850   data required time
---------------------------------------------------------------------------------------------
                                              0.383850   data required time
                                             -1.145837   data arrival time
---------------------------------------------------------------------------------------------
                                              0.761986   slack (MET)


Startpoint: _226_ (rising edge-triggered flip-flop clocked by clk)
Endpoint: _226_ (rising edge-triggered flip-flop clocked by clk)
Path Group: clk
Path Type: min

Fanout         Cap        Slew       Delay        Time   Description
---------------------------------------------------------------------------------------------
                      0.150000    0.000000    0.000000   clock clk (rise edge)
                                  0.000000    0.000000   clock network delay (ideal)
                      0.150000    0.000000    0.000000 ^ _226_/CLK (gf180mcu_fd_sc_mcu7t5v0__dffrnq_1)
     3    0.016475    0.218638    0.778223    0.778223 v _226_/Q (gf180mcu_fd_sc_mcu7t5v0__dffrnq_1)
                                                         clk_scaler.counter[4] (net)
                      0.218638    0.000000    0.778223 v _169_/A1 (gf180mcu_fd_sc_mcu7t5v0__xnor2_1)
     1    0.004243    0.268629    0.244764    1.022988 ^ _169_/ZN (gf180mcu_fd_sc_mcu7t5v0__xnor2_1)
                                                         _082_ (net)
                      0.268629    0.000000    1.022988 ^ _170_/A2 (gf180mcu_fd_sc_mcu7t5v0__nor2_1)
     1    0.003009    0.155634    0.131224    1.154211 v _170_/ZN (gf180mcu_fd_sc_mcu7t5v0__nor2_1)
                                                         _006_ (net)
                      0.155634    0.000000    1.154211 v _226_/D (gf180mcu_fd_sc_mcu7t5v0__dffrnq_1)
                                              1.154211   data arrival time

                      0.150000    0.000000    0.000000   clock clk (rise edge)
                                  0.000000    0.000000   clock network delay (ideal)
                                  0.250000    0.250000   clock uncertainty
                                  0.000000    0.250000   clock reconvergence pessimism
                                              0.250000 ^ _226_/CLK (gf180mcu_fd_sc_mcu7t5v0__dffrnq_1)
                                  0.133874    0.383874   library hold time
                                              0.383874   data required time
---------------------------------------------------------------------------------------------
                                              0.383874   data required time
                                             -1.154211   data arrival time
---------------------------------------------------------------------------------------------
                                              0.770338   slack (MET)


Startpoint: _223_ (rising edge-triggered flip-flop clocked by clk)
Endpoint: _223_ (rising edge-triggered flip-flop clocked by clk)
Path Group: clk
Path Type: min

Fanout         Cap        Slew       Delay        Time   Description
---------------------------------------------------------------------------------------------
                      0.150000    0.000000    0.000000   clock clk (rise edge)
                                  0.000000    0.000000   clock network delay (ideal)
                      0.150000    0.000000    0.000000 ^ _223_/CLK (gf180mcu_fd_sc_mcu7t5v0__dffrnq_1)
     4    0.018998    0.240730    0.795235    0.795235 v _223_/Q (gf180mcu_fd_sc_mcu7t5v0__dffrnq_1)
                                                         clk_scaler.counter[1] (net)
                      0.240730    0.000000    0.795235 v _161_/A1 (gf180mcu_fd_sc_mcu7t5v0__xnor2_1)
     1    0.004243    0.267766    0.251457    1.046692 ^ _161_/ZN (gf180mcu_fd_sc_mcu7t5v0__xnor2_1)
                                                         _077_ (net)
                      0.267766    0.000000    1.046692 ^ _162_/A2 (gf180mcu_fd_sc_mcu7t5v0__nor2_1)
     1    0.003009    0.155410    0.131109    1.177801 v _162_/ZN (gf180mcu_fd_sc_mcu7t5v0__nor2_1)
                                                         _003_ (net)
                      0.155410    0.000000    1.177801 v _223_/D (gf180mcu_fd_sc_mcu7t5v0__dffrnq_1)
                                              1.177801   data arrival time

                      0.150000    0.000000    0.000000   clock clk (rise edge)
                                  0.000000    0.000000   clock network delay (ideal)
                                  0.250000    0.250000   clock uncertainty
                                  0.000000    0.250000   clock reconvergence pessimism
                                              0.250000 ^ _223_/CLK (gf180mcu_fd_sc_mcu7t5v0__dffrnq_1)
                                  0.133917    0.383917   library hold time
                                              0.383917   data required time
---------------------------------------------------------------------------------------------
                                              0.383917   data required time
                                             -1.177801   data arrival time
---------------------------------------------------------------------------------------------
                                              0.793884   slack (MET)


Startpoint: _229_ (rising edge-triggered flip-flop clocked by clk)
Endpoint: _253_ (rising edge-triggered flip-flop clocked by clk)
Path Group: clk
Path Type: min

Fanout         Cap        Slew       Delay        Time   Description
---------------------------------------------------------------------------------------------
                      0.150000    0.000000    0.000000   clock clk (rise edge)
                                  0.000000    0.000000   clock network delay (ideal)
                      0.150000    0.000000    0.000000 ^ _229_/CLK (gf180mcu_fd_sc_mcu7t5v0__dffrnq_1)
     1    0.004482    0.169237    0.882846    0.882846 ^ _229_/Q (gf180mcu_fd_sc_mcu7t5v0__dffrnq_1)
                                                         clk_scaler.counter[7] (net)
                      0.169237    0.000000    0.882846 ^ _155_/A1 (gf180mcu_fd_sc_mcu7t5v0__nor2_1)
     1    0.004540    0.121554    0.111943    0.994789 v _155_/ZN (gf180mcu_fd_sc_mcu7t5v0__nor2_1)
                                                         _072_ (net)
                      0.121554    0.000000    0.994789 v _157_/B (gf180mcu_fd_sc_mcu7t5v0__oai211_1)
     3    0.013813    0.509711    0.338207    1.332996 ^ _157_/ZN (gf180mcu_fd_sc_mcu7t5v0__oai211_1)
                                                         _074_ (net)
                      0.509711    0.000000    1.332996 ^ _209_/A2 (gf180mcu_fd_sc_mcu7t5v0__aoi21_1)
     1    0.003009    0.171947    0.102218    1.435215 v _209_/ZN (gf180mcu_fd_sc_mcu7t5v0__aoi21_1)
                                                         _044_ (net)
                      0.171947    0.000000    1.435215 v _253_/D (gf180mcu_fd_sc_mcu7t5v0__dffrnq_1)
                                              1.435215   data arrival time

                      0.150000    0.000000    0.000000   clock clk (rise edge)
                                  0.000000    0.000000   clock network delay (ideal)
                                  0.250000    0.250000   clock uncertainty
                                  0.000000    0.250000   clock reconvergence pessimism
                                              0.250000 ^ _253_/CLK (gf180mcu_fd_sc_mcu7t5v0__dffrnq_1)
                                  0.130695    0.380695   library hold time
                                              0.380695   data required time
---------------------------------------------------------------------------------------------
                                              0.380695   data required time
                                             -1.435215   data arrival time
---------------------------------------------------------------------------------------------
                                              1.054519   slack (MET)


Startpoint: rst_n (input port clocked by clk)
Endpoint: _222_ (removal check against rising-edge clock clk)
Path Group: asynchronous
Path Type: min

Fanout         Cap        Slew       Delay        Time   Description
---------------------------------------------------------------------------------------------
                      0.150000    0.000000    0.000000   clock clk (rise edge)
                                  0.000000    0.000000   clock network delay (ideal)
                                  4.000000    4.000000 ^ input external delay
    32    0.188978    3.173388    1.763035    5.763035 ^ rst_n (in)
                                                         rst_n (net)
                      3.173388    0.000000    5.763035 ^ _222_/RN (gf180mcu_fd_sc_mcu7t5v0__dffrnq_1)
                                              5.763035   data arrival time

                      0.150000    0.000000    0.000000   clock clk (rise edge)
                                  0.000000    0.000000   clock network delay (ideal)
                                  0.250000    0.250000   clock uncertainty
                                  0.000000    0.250000   clock reconvergence pessimism
                                              0.250000 ^ _222_/CLK (gf180mcu_fd_sc_mcu7t5v0__dffrnq_1)
                                  0.496254    0.746254   library removal time
                                              0.746254   data required time
---------------------------------------------------------------------------------------------
                                              0.746254   data required time
                                             -5.763035   data arrival time
---------------------------------------------------------------------------------------------
                                              5.016780   slack (MET)


Startpoint: rst_n (input port clocked by clk)
Endpoint: _223_ (removal check against rising-edge clock clk)
Path Group: asynchronous
Path Type: min

Fanout         Cap        Slew       Delay        Time   Description
---------------------------------------------------------------------------------------------
                      0.150000    0.000000    0.000000   clock clk (rise edge)
                                  0.000000    0.000000   clock network delay (ideal)
                                  4.000000    4.000000 ^ input external delay
    32    0.188978    3.173388    1.763035    5.763035 ^ rst_n (in)
                                                         rst_n (net)
                      3.173388    0.000000    5.763035 ^ _223_/RN (gf180mcu_fd_sc_mcu7t5v0__dffrnq_1)
                                              5.763035   data arrival time

                      0.150000    0.000000    0.000000   clock clk (rise edge)
                                  0.000000    0.000000   clock network delay (ideal)
                                  0.250000    0.250000   clock uncertainty
                                  0.000000    0.250000   clock reconvergence pessimism
                                              0.250000 ^ _223_/CLK (gf180mcu_fd_sc_mcu7t5v0__dffrnq_1)
                                  0.496254    0.746254   library removal time
                                              0.746254   data required time
---------------------------------------------------------------------------------------------
                                              0.746254   data required time
                                             -5.763035   data arrival time
---------------------------------------------------------------------------------------------
                                              5.016780   slack (MET)


Startpoint: rst_n (input port clocked by clk)
Endpoint: _224_ (removal check against rising-edge clock clk)
Path Group: asynchronous
Path Type: min

Fanout         Cap        Slew       Delay        Time   Description
---------------------------------------------------------------------------------------------
                      0.150000    0.000000    0.000000   clock clk (rise edge)
                                  0.000000    0.000000   clock network delay (ideal)
                                  4.000000    4.000000 ^ input external delay
    32    0.188978    3.173388    1.763035    5.763035 ^ rst_n (in)
                                                         rst_n (net)
                      3.173388    0.000000    5.763035 ^ _224_/RN (gf180mcu_fd_sc_mcu7t5v0__dffrnq_1)
                                              5.763035   data arrival time

                      0.150000    0.000000    0.000000   clock clk (rise edge)
                                  0.000000    0.000000   clock network delay (ideal)
                                  0.250000    0.250000   clock uncertainty
                                  0.000000    0.250000   clock reconvergence pessimism
                                              0.250000 ^ _224_/CLK (gf180mcu_fd_sc_mcu7t5v0__dffrnq_1)
                                  0.496254    0.746254   library removal time
                                              0.746254   data required time
---------------------------------------------------------------------------------------------
                                              0.746254   data required time
                                             -5.763035   data arrival time
---------------------------------------------------------------------------------------------
                                              5.016780   slack (MET)


Startpoint: rst_n (input port clocked by clk)
Endpoint: _225_ (removal check against rising-edge clock clk)
Path Group: asynchronous
Path Type: min

Fanout         Cap        Slew       Delay        Time   Description
---------------------------------------------------------------------------------------------
                      0.150000    0.000000    0.000000   clock clk (rise edge)
                                  0.000000    0.000000   clock network delay (ideal)
                                  4.000000    4.000000 ^ input external delay
    32    0.188978    3.173388    1.763035    5.763035 ^ rst_n (in)
                                                         rst_n (net)
                      3.173388    0.000000    5.763035 ^ _225_/RN (gf180mcu_fd_sc_mcu7t5v0__dffrnq_1)
                                              5.763035   data arrival time

                      0.150000    0.000000    0.000000   clock clk (rise edge)
                                  0.000000    0.000000   clock network delay (ideal)
                                  0.250000    0.250000   clock uncertainty
                                  0.000000    0.250000   clock reconvergence pessimism
                                              0.250000 ^ _225_/CLK (gf180mcu_fd_sc_mcu7t5v0__dffrnq_1)
                                  0.496254    0.746254   library removal time
                                              0.746254   data required time
---------------------------------------------------------------------------------------------
                                              0.746254   data required time
                                             -5.763035   data arrival time
---------------------------------------------------------------------------------------------
                                              5.016780   slack (MET)


Startpoint: rst_n (input port clocked by clk)
Endpoint: _226_ (removal check against rising-edge clock clk)
Path Group: asynchronous
Path Type: min

Fanout         Cap        Slew       Delay        Time   Description
---------------------------------------------------------------------------------------------
                      0.150000    0.000000    0.000000   clock clk (rise edge)
                                  0.000000    0.000000   clock network delay (ideal)
                                  4.000000    4.000000 ^ input external delay
    32    0.188978    3.173388    1.763035    5.763035 ^ rst_n (in)
                                                         rst_n (net)
                      3.173388    0.000000    5.763035 ^ _226_/RN (gf180mcu_fd_sc_mcu7t5v0__dffrnq_1)
                                              5.763035   data arrival time

                      0.150000    0.000000    0.000000   clock clk (rise edge)
                                  0.000000    0.000000   clock network delay (ideal)
                                  0.250000    0.250000   clock uncertainty
                                  0.000000    0.250000   clock reconvergence pessimism
                                              0.250000 ^ _226_/CLK (gf180mcu_fd_sc_mcu7t5v0__dffrnq_1)
                                  0.496254    0.746254   library removal time
                                              0.746254   data required time
---------------------------------------------------------------------------------------------
                                              0.746254   data required time
                                             -5.763035   data arrival time
---------------------------------------------------------------------------------------------
                                              5.016780   slack (MET)


Startpoint: rst_n (input port clocked by clk)
Endpoint: _227_ (removal check against rising-edge clock clk)
Path Group: asynchronous
Path Type: min

Fanout         Cap        Slew       Delay        Time   Description
---------------------------------------------------------------------------------------------
                      0.150000    0.000000    0.000000   clock clk (rise edge)
                                  0.000000    0.000000   clock network delay (ideal)
                                  4.000000    4.000000 ^ input external delay
    32    0.188978    3.173388    1.763035    5.763035 ^ rst_n (in)
                                                         rst_n (net)
                      3.173388    0.000000    5.763035 ^ _227_/RN (gf180mcu_fd_sc_mcu7t5v0__dffrnq_1)
                                              5.763035   data arrival time

                      0.150000    0.000000    0.000000   clock clk (rise edge)
                                  0.000000    0.000000   clock network delay (ideal)
                                  0.250000    0.250000   clock uncertainty
                                  0.000000    0.250000   clock reconvergence pessimism
                                              0.250000 ^ _227_/CLK (gf180mcu_fd_sc_mcu7t5v0__dffrnq_1)
                                  0.496254    0.746254   library removal time
                                              0.746254   data required time
---------------------------------------------------------------------------------------------
                                              0.746254   data required time
                                             -5.763035   data arrival time
---------------------------------------------------------------------------------------------
                                              5.016780   slack (MET)


Startpoint: rst_n (input port clocked by clk)
Endpoint: _228_ (removal check against rising-edge clock clk)
Path Group: asynchronous
Path Type: min

Fanout         Cap        Slew       Delay        Time   Description
---------------------------------------------------------------------------------------------
                      0.150000    0.000000    0.000000   clock clk (rise edge)
                                  0.000000    0.000000   clock network delay (ideal)
                                  4.000000    4.000000 ^ input external delay
    32    0.188978    3.173388    1.763035    5.763035 ^ rst_n (in)
                                                         rst_n (net)
                      3.173388    0.000000    5.763035 ^ _228_/RN (gf180mcu_fd_sc_mcu7t5v0__dffrnq_1)
                                              5.763035   data arrival time

                      0.150000    0.000000    0.000000   clock clk (rise edge)
                                  0.000000    0.000000   clock network delay (ideal)
                                  0.250000    0.250000   clock uncertainty
                                  0.000000    0.250000   clock reconvergence pessimism
                                              0.250000 ^ _228_/CLK (gf180mcu_fd_sc_mcu7t5v0__dffrnq_1)
                                  0.496254    0.746254   library removal time
                                              0.746254   data required time
---------------------------------------------------------------------------------------------
                                              0.746254   data required time
                                             -5.763035   data arrival time
---------------------------------------------------------------------------------------------
                                              5.016780   slack (MET)


Startpoint: rst_n (input port clocked by clk)
Endpoint: _229_ (removal check against rising-edge clock clk)
Path Group: asynchronous
Path Type: min

Fanout         Cap        Slew       Delay        Time   Description
---------------------------------------------------------------------------------------------
                      0.150000    0.000000    0.000000   clock clk (rise edge)
                                  0.000000    0.000000   clock network delay (ideal)
                                  4.000000    4.000000 ^ input external delay
    32    0.188978    3.173388    1.763035    5.763035 ^ rst_n (in)
                                                         rst_n (net)
                      3.173388    0.000000    5.763035 ^ _229_/RN (gf180mcu_fd_sc_mcu7t5v0__dffrnq_1)
                                              5.763035   data arrival time

                      0.150000    0.000000    0.000000   clock clk (rise edge)
                                  0.000000    0.000000   clock network delay (ideal)
                                  0.250000    0.250000   clock uncertainty
                                  0.000000    0.250000   clock reconvergence pessimism
                                              0.250000 ^ _229_/CLK (gf180mcu_fd_sc_mcu7t5v0__dffrnq_1)
                                  0.496254    0.746254   library removal time
                                              0.746254   data required time
---------------------------------------------------------------------------------------------
                                              0.746254   data required time
                                             -5.763035   data arrival time
---------------------------------------------------------------------------------------------
                                              5.016780   slack (MET)


Startpoint: rst_n (input port clocked by clk)
Endpoint: _230_ (removal check against rising-edge clock clk)
Path Group: asynchronous
Path Type: min

Fanout         Cap        Slew       Delay        Time   Description
---------------------------------------------------------------------------------------------
                      0.150000    0.000000    0.000000   clock clk (rise edge)
                                  0.000000    0.000000   clock network delay (ideal)
                                  4.000000    4.000000 ^ input external delay
    32    0.188978    3.173388    1.763035    5.763035 ^ rst_n (in)
                                                         rst_n (net)
                      3.173388    0.000000    5.763035 ^ _230_/RN (gf180mcu_fd_sc_mcu7t5v0__dffrnq_1)
                                              5.763035   data arrival time

                      0.150000    0.000000    0.000000   clock clk (rise edge)
                                  0.000000    0.000000   clock network delay (ideal)
                                  0.250000    0.250000   clock uncertainty
                                  0.000000    0.250000   clock reconvergence pessimism
                                              0.250000 ^ _230_/CLK (gf180mcu_fd_sc_mcu7t5v0__dffrnq_1)
                                  0.496254    0.746254   library removal time
                                              0.746254   data required time
---------------------------------------------------------------------------------------------
                                              0.746254   data required time
                                             -5.763035   data arrival time
---------------------------------------------------------------------------------------------
                                              5.016780   slack (MET)


Startpoint: rst_n (input port clocked by clk)
Endpoint: _231_ (removal check against rising-edge clock clk)
Path Group: asynchronous
Path Type: min

Fanout         Cap        Slew       Delay        Time   Description
---------------------------------------------------------------------------------------------
                      0.150000    0.000000    0.000000   clock clk (rise edge)
                                  0.000000    0.000000   clock network delay (ideal)
                                  4.000000    4.000000 ^ input external delay
    32    0.188978    3.173388    1.763035    5.763035 ^ rst_n (in)
                                                         rst_n (net)
                      3.173388    0.000000    5.763035 ^ _231_/RN (gf180mcu_fd_sc_mcu7t5v0__dffrnq_1)
                                              5.763035   data arrival time

                      0.150000    0.000000    0.000000   clock clk (rise edge)
                                  0.000000    0.000000   clock network delay (ideal)
                                  0.250000    0.250000   clock uncertainty
                                  0.000000    0.250000   clock reconvergence pessimism
                                              0.250000 ^ _231_/CLK (gf180mcu_fd_sc_mcu7t5v0__dffrnq_1)
                                  0.496254    0.746254   library removal time
                                              0.746254   data required time
---------------------------------------------------------------------------------------------
                                              0.746254   data required time
                                             -5.763035   data arrival time
---------------------------------------------------------------------------------------------
                                              5.016780   slack (MET)


Startpoint: rst_n (input port clocked by clk)
Endpoint: _232_ (removal check against rising-edge clock clk)
Path Group: asynchronous
Path Type: min

Fanout         Cap        Slew       Delay        Time   Description
---------------------------------------------------------------------------------------------
                      0.150000    0.000000    0.000000   clock clk (rise edge)
                                  0.000000    0.000000   clock network delay (ideal)
                                  4.000000    4.000000 ^ input external delay
    32    0.188978    3.173388    1.763035    5.763035 ^ rst_n (in)
                                                         rst_n (net)
                      3.173388    0.000000    5.763035 ^ _232_/RN (gf180mcu_fd_sc_mcu7t5v0__dffrnq_1)
                                              5.763035   data arrival time

                      0.150000    0.000000    0.000000   clock clk (rise edge)
                                  0.000000    0.000000   clock network delay (ideal)
                                  0.250000    0.250000   clock uncertainty
                                  0.000000    0.250000   clock reconvergence pessimism
                                              0.250000 ^ _232_/CLK (gf180mcu_fd_sc_mcu7t5v0__dffrnq_1)
                                  0.496254    0.746254   library removal time
                                              0.746254   data required time
---------------------------------------------------------------------------------------------
                                              0.746254   data required time
                                             -5.763035   data arrival time
---------------------------------------------------------------------------------------------
                                              5.016780   slack (MET)


Startpoint: rst_n (input port clocked by clk)
Endpoint: _233_ (removal check against rising-edge clock clk)
Path Group: asynchronous
Path Type: min

Fanout         Cap        Slew       Delay        Time   Description
---------------------------------------------------------------------------------------------
                      0.150000    0.000000    0.000000   clock clk (rise edge)
                                  0.000000    0.000000   clock network delay (ideal)
                                  4.000000    4.000000 ^ input external delay
    32    0.188978    3.173388    1.763035    5.763035 ^ rst_n (in)
                                                         rst_n (net)
                      3.173388    0.000000    5.763035 ^ _233_/RN (gf180mcu_fd_sc_mcu7t5v0__dffrnq_1)
                                              5.763035   data arrival time

                      0.150000    0.000000    0.000000   clock clk (rise edge)
                                  0.000000    0.000000   clock network delay (ideal)
                                  0.250000    0.250000   clock uncertainty
                                  0.000000    0.250000   clock reconvergence pessimism
                                              0.250000 ^ _233_/CLK (gf180mcu_fd_sc_mcu7t5v0__dffrnq_1)
                                  0.496254    0.746254   library removal time
                                              0.746254   data required time
---------------------------------------------------------------------------------------------
                                              0.746254   data required time
                                             -5.763035   data arrival time
---------------------------------------------------------------------------------------------
                                              5.016780   slack (MET)


Startpoint: rst_n (input port clocked by clk)
Endpoint: _253_ (removal check against rising-edge clock clk)
Path Group: asynchronous
Path Type: min

Fanout         Cap        Slew       Delay        Time   Description
---------------------------------------------------------------------------------------------
                      0.150000    0.000000    0.000000   clock clk (rise edge)
                                  0.000000    0.000000   clock network delay (ideal)
                                  4.000000    4.000000 ^ input external delay
    32    0.188978    3.173388    1.763035    5.763035 ^ rst_n (in)
                                                         rst_n (net)
                      3.173388    0.000000    5.763035 ^ _253_/RN (gf180mcu_fd_sc_mcu7t5v0__dffrnq_1)
                                              5.763035   data arrival time

                      0.150000    0.000000    0.000000   clock clk (rise edge)
                                  0.000000    0.000000   clock network delay (ideal)
                                  0.250000    0.250000   clock uncertainty
                                  0.000000    0.250000   clock reconvergence pessimism
                                              0.250000 ^ _253_/CLK (gf180mcu_fd_sc_mcu7t5v0__dffrnq_1)
                                  0.496254    0.746254   library removal time
                                              0.746254   data required time
---------------------------------------------------------------------------------------------
                                              0.746254   data required time
                                             -5.763035   data arrival time
---------------------------------------------------------------------------------------------
                                              5.016780   slack (MET)



