
===========================================================================
 report_power
============================================================================
======================= nom_tt_025C_5v00 Corner ===================================

Group                    Internal    Switching      Leakage        Total
                            Power        Power        Power        Power (Watts)
------------------------------------------------------------------------
Sequential           5.407126e-04 6.753958e-05 1.371833e-08 6.082659e-04  88.3%
Combinational        6.097731e-05 1.980678e-05 1.154992e-08 8.079563e-05  11.7%
Clock                0.000000e+00 0.000000e+00 6.650000e-09 6.650000e-09   0.0%
Macro                0.000000e+00 0.000000e+00 0.000000e+00 0.000000e+00   0.0%
Pad                  0.000000e+00 0.000000e+00 0.000000e+00 0.000000e+00   0.0%
------------------------------------------------------------------------
Total                6.016899e-04 8.734637e-05 3.191822e-08 6.890682e-04 100.0%
                            87.3%        12.7%         0.0%
Writing metric power__internal__total: 0.0006016899133101106
Writing metric power__switching__total: 8.734636503504589e-5
Writing metric power__leakage__total: 3.1918215626092206e-8
Writing metric power__total: 0.0006890681688673794

