Clock: clk
Sources: clk 
Generated: no
Virtual: yes
Propagated: no
Period: 20.000000

===========================================================================
report_clock_properties
============================================================================
Clock                   Period          Waveform
----------------------------------------------------
clk                  20.000000    0.000000 10.000000

===========================================================================
report_clock_latency
============================================================================
Clock clk
rise -> rise
    min     max
0.000000 0.000000 source latency
0.356725         network latency _642_/CLK
        2.158704 network latency _689_/CLK
---------------
0.356725 2.158704 latency
        1.801979 skew

rise -> fall
    min     max
0.000000 0.000000 source latency
1.247019         network latency _688_/CLK
        1.930170 network latency _689_/CLK
---------------
1.247019 1.930170 latency
        0.683151 skew

fall -> fall
    min     max
0.000000 0.000000 source latency
0.326738         network latency _642_/CLK
        0.328306 network latency _651_/CLK
---------------
0.326738 0.328306 latency
        0.001569 skew



===========================================================================
report_clock_min_period
============================================================================
clk period_min = 2.52 fmax = 396.19
