152. Printing statistics.

=== tiny_tonegen ===

        +----------Local Count, excluding submodules.
        |        +-Local Area, excluding submodules.
        |        | 
      434        - wires
      440        - wire bits
      108        - public wires
      114        - public wire bits
        7        - ports
       13        - port bits
      428 1.29E+04 cells
       19   333.67   gf180mcu_fd_sc_mcu7t5v0__and2_1
        4   87.808   gf180mcu_fd_sc_mcu7t5v0__and3_1
        5  120.736   gf180mcu_fd_sc_mcu7t5v0__and4_1
        2   43.904   gf180mcu_fd_sc_mcu7t5v0__aoi211_1
       21  368.794   gf180mcu_fd_sc_mcu7t5v0__aoi21_1
        2   48.294   gf180mcu_fd_sc_mcu7t5v0__aoi221_1
        1   30.733   gf180mcu_fd_sc_mcu7t5v0__aoi222_1
       15  296.352   gf180mcu_fd_sc_mcu7t5v0__aoi22_1
       49  430.259   gf180mcu_fd_sc_mcu7t5v0__clkinv_1
       48 3.06E+03   gf180mcu_fd_sc_mcu7t5v0__dffq_1
       42 3.13E+03   gf180mcu_fd_sc_mcu7t5v0__dffrnq_1
       12  948.326   gf180mcu_fd_sc_mcu7t5v0__dffsnq_1
       27  889.056   gf180mcu_fd_sc_mcu7t5v0__mux2_2
       43  471.968   gf180mcu_fd_sc_mcu7t5v0__nand2_1
        6   92.198   gf180mcu_fd_sc_mcu7t5v0__nand3_1
        4   79.027   gf180mcu_fd_sc_mcu7t5v0__nand4_1
       37  487.334   gf180mcu_fd_sc_mcu7t5v0__nor2_1
        6   105.37   gf180mcu_fd_sc_mcu7t5v0__nor3_1
        2   43.904   gf180mcu_fd_sc_mcu7t5v0__nor4_1
        2   43.904   gf180mcu_fd_sc_mcu7t5v0__oai211_1
       22  386.355   gf180mcu_fd_sc_mcu7t5v0__oai21_1
        2   52.685   gf180mcu_fd_sc_mcu7t5v0__oai221_1
        6  131.712   gf180mcu_fd_sc_mcu7t5v0__oai22_1
        4   96.589   gf180mcu_fd_sc_mcu7t5v0__oai31_1
        7  122.931   gf180mcu_fd_sc_mcu7t5v0__or2_1
        2   52.685   gf180mcu_fd_sc_mcu7t5v0__or4_1
       11   96.589   gf180mcu_fd_sc_mcu7t5v0__tiel
        4   114.15   gf180mcu_fd_sc_mcu7t5v0__xnor2_1
        2   105.37   gf180mcu_fd_sc_mcu7t5v0__xnor3_1
       16  421.478   gf180mcu_fd_sc_mcu7t5v0__xor2_1
        5  252.448   gf180mcu_fd_sc_mcu7t5v0__xor3_1

   Chip area for module '\tiny_tonegen': 12945.094400
     of which used for sequential elements: 7138.790400 (55.15%)

